// 同步 ID: 4e485e84 @ Wed Jul 29 12:24:58 UTC 2026
// 同步 ID: bd8846b2 @ Wed Jul 29 15:55:06 UTC 2026
// 重构日志: bc65c987
// 同步 ID: e07abfae @ Thu Jul 30 01:11:11 UTC 2026
// 重构日志: 89f39f27
// 重构日志: 3784af1e
// 同步 ID: a808f6d8 @ Thu Jul 30 17:34:13 UTC 2026
// 同步 ID: 76d47765 @ Sat Aug  1 14:31:12 UTC 2026
// 同步 ID: 67583830 @ Sun Aug  2 09:46:00 UTC 2026
// 重构日志: 48810363
// 重构日志: 6980c5d2
// 重构日志: 7fdc3bc3
// 重构日志: d61e7a90
// 重构日志: 8ecfcfb1
// 重构日志: 2d19ebbb
// 重构日志: b086c1f1
// 重构日志: adcbf3eb
// 重构日志: 90f4e3ba
// 重构日志: c4305d37
// 同步 ID: abbaa660 @ Wed Aug  5 12:31:59 UTC 2026
// 重构日志: 35593ec7
// 同步 ID: 06ff9f53 @ Thu Aug  6 00:34:11 UTC 2026
// 重构日志: 5896a49e
// 重构日志: 879536a3
// 重构日志: fae0da51
// 重构日志: 41703ab7
// 重构日志: eab7b5a6
// 重构日志: 385e3469
// 重构日志: bbfba65b
// 同步 ID: 9d83a5cb @ Sat Aug  8 08:56:48 UTC 2026
